case__114: 
logic__588: 
logic__1679: 
case__129: 
logic__1291: 
logic__1056: 
logic__1646: 
logic__1554: 
keep__42: 
logic__915: 
logic__1150: 
keep__39: 
logic__1265: 
reg__227: 
reg__148: 
logic__1295: 
logic__1578: 
reg__295: 
logic__1305: 
logic__231: 
keep__31: 
reg__101: 
reg__206: 
keep__19: 
logic__326: 
logic__271: 
reg__194: 
logic__1000: 
reg__17: 
logic__1600: 
reg__3: 
reg__137: 
reg__202: 
logic__358: 
reg__250: 
case__85: 
case__32: 
logic__1241: 
reg__251: 
logic__1454: 
logic__778: 
logic__468: 
logic__1756: 
reg__180: 
logic__1189: 
muxpart__7: 
reg__268: 
MB_LUT4: 
logic__1013: 
logic__870: 
logic__16: 
logic__1599: 
reg__81: 
reg__44: 
logic__1290: 
logic__1665: 
reg__142: 
logic__21: 
case__87: 
logic__1549: 
logic__1247: 
logic__965: 
logic__1057: 
reg__131: 
logic__1216: 
logic__1063: 
case__104: 
logic__1044: 
reg__190: 
logic__1180: 
keep__17: 
reg__20: 
logic__718: 
case__138: 
DAXI_interface: 
logic__883: 
reg__48: 
reg__23: 
logic__1287: 
logic__1055: 
reg__149: 
logic__41: 
logic__433: 
muxpart__3: 
datapath__1: 
keep__2: 
logic__1067: 
case__122: 
case__100: 
reg__49: 
case__117: 
reg__283: 
mb_sync_vec: 
logic__328: 
logic__1078: 
reg__196: 
logic__1754: 
MicroBlaze_GTi: 
logic__1007: 
logic__817: 
logic__1587: 
reg__299: 
reg: 
logic__1703: 
logic__1106: 
logic__1730: 
logic__960: 
case__79: 
logic__533: 
logic__261: 
logic__1697: 
logic__26: 
logic__141: 
logic__983: 
case__116: 
reg__247: 
keep__9: 
reg__174: 
logic__1469: 
case__68: 
logic__919: 
logic__934: 
reg__258: 
logic__648: 
reg__47: 
logic__1548: 
reg__42: 
logic__1142: 
logic__1714: 
logic__528: 
logic__1134: 
logic__1092: 
reg__98: 
logic__896: 
logic__146: 
reg__53: 
reg__146: 
reg__183: 
logic__1601: 
case__150: 
logic__1227: 
reg__302: 
logic__628: 
logic__1171: 
carry_or: 
logic__1702: 
logic__256: 
logic__1053: 
reg__86: 
reg__242: 
MB_FDE: 
reg__118: 
logic__1310: 
logic__829: 
MB_LUT6__parameterized6: 
case__115: 
logic__353: 
case__143: 
reg__226: 
case__99: 
logic__985: 
logic__1409: 
logic__868: 
logic__1178: 
logic__1160: 
logic__1495: 
logic__882: 
reg__93: 
logic__1588: 
reg__61: 
logic__1136: 
reg__235: 
logic__1218: 
logic__1014: 
logic__1195: 
reg__200: 
keep__3: 
logic__1643: 
logic__1184: 
logic__1528: 
logic__1273: 
datapath__5: 
reg__304: 
reg__50: 
reg__220: 
reg__122: 
logic__573: 
logic__1364: 
reg__175: 
logic__1545: 
case__45: 
logic__1183: 
logic__1246: 
keep__44: 
logic__781: 
keep__51: 
logic__1322: 
datapath__2: 
logic__1198: 
case__25: 
reg__219: 
logic__593: 
datapath__7: 
case__127: 
reg__144: 
logic__1284: 
logic__758: 
logic__1143: 
logic__948: 
reg__188: 
logic__1649: 
logic__1721: 
reg__171: 
logic__1163: 
MB_SRL16E__parameterized7: 
logic__1561: 
logic__1262: 
reg__112: 
case__145: 
logic__1696: 
logic__196: 
reg__37: 
reg__255: 
case__50: 
case__75: 
case__74: 
logic__1061: 
logic__1316: 
logic__1480: 
logic__653: 
logic__1268: 
reg__256: 
logic__638: 
reg__201: 
logic__1045: 
PreFetch_Buffer_gti: 
reg__210: 
logic__1742: 
logic__398: 
keep__22: 
case__9: 
reg__154: 
logic__1591: 
reg__293: 
reg__215: 
logic__959: 
reg__224: 
reg__294: 
reg__133: 
reg__165: 
mb_sync_bit__parameterized4: 
logic__161: 
logic__867: 
logic__1529: 
reg__127: 
keep__26: 
case__130: 
case__134: 
logic__1224: 
case__30: 
reg__65: 
logic__281: 
reg__34: 
case__43: 
logic__1208: 
logic__1130: 
logic__1326: 
reg__198: 
reg__259: 
logic__1484: 
logic__1276: 
logic__1120: 
logic__1255: 
case__141: 
case__84: 
logic__895: 
case__29: 
case__42: 
reg__134: 
logic__1392: 
logic__1496: 
logic__568: 
logic__1116: 
reg__212: 
logic__1186: 
logic__1: 
reg__205: 
reg__277: 
logic__226: 
case__53: 
carry_and: 
keep__30: 
MB_AND2B1L: 
reg__51: 
logic__478: 
logic__1404: 
keep__46: 
logic__1744: 
muxpart__8: 
logic__1298: 
logic__373: 
reg__80: 
MB_LUT6_2__parameterized5: 
logic__1690: 
reg__158: 
reg__276: 
reg__94: 
Shift_Logic_Module_gti: 
reg__166: 
logic__1213: 
reg__140: 
logic__1232: 
logic__171: 
logic__1407: 
reg__64: 
MB_SRL16E__parameterized9: 
logic__1272: 
datapath: 
logic__1203: 
logic__1285: 
logic__1303: 
logic__1304: 
logic: 
logic__311: 
logic__36: 
MB_FDR: 
keep__37: 
logic__1405: 
logic__1640: 
logic__1185: 
case__44: 
logic__1388: 
logic__927: 
Barrel_Shifter_gti: 
keep__47: 
logic__1042: 
logic__999: 
reg__186: 
logic__443: 
reg__222: 
case__92: 
keep__21: 
logic__1707: 
logic__1146: 
case__34: 
logic__708: 
reg__170: 
logic__1329: 
reg__257: 
logic__810: 
keep__4: 
logic__498: 
logic__1129: 
logic__1102: 
reg__213: 
reg__267: 
logic__888: 
case__10: 
logic__1655: 
PC_Module_gti: 
logic__821: 
logic__136: 
case__24: 
logic__266: 
logic__383: 
muxpart__6: 
logic__830: 
keep__43: 
reg__111: 
reg__87: 
logic__917: 
logic__931: 
logic__1235: 
case__88: 
logic__1114: 
reg__300: 
keep__14: 
reg__66: 
logic__1604: 
logic__1570: 
MB_LUT6_2: 
case__11: 
logic__1434: 
reg__203: 
logic__322: 
reg__75: 
logic__1572: 
reg__273: 
logic__111: 
read_data_mux: 
logic__1420: 
reg__60: 
case__89: 
reg__69: 
logic__598: 
keep__38: 
Byte_Doublet_Handle_gti: 
logic__814: 
logic__186: 
reg__33: 
reg__179: 
logic__101: 
logic__548: 
keep__28: 
logic__1317: 
case__101: 
logic__71: 
reg__45: 
logic__748: 
case__133: 
datapath__6: 
reg__260: 
keep__50: 
logic__623: 
reg__209: 
logic__1281: 
logic__851: 
logic__1269: 
reg__2: 
case__76: 
logic__1749: 
reg__107: 
keep: 
logic__327: 
logic__1683: 
keep__34: 
logic__1411: 
logic__1002: 
logic__1700: 
logic__1278: 
case__26: 
case__132: 
logic__1743: 
case__136: 
logic__1556: 
logic__1755: 
reg__282: 
reg__85: 
logic__1288: 
logic__922: 
reg__278: 
reg__119: 
logic__977: 
case__69: 
logic__1280: 
reg__270: 
MB_MULT_AND: 
reg__264: 
logic__797: 
logic__984: 
ALU: 
case__147: 
reg__121: 
reg__240: 
logic__1159: 
logic__1380: 
logic__796: 
logic__658: 
case__58: 
logic__1085: 
logic__766: 
case__31: 
logic__1066: 
logic__1033: 
reg__289: 
reg__138: 
reg__92: 
logic__1575: 
logic__972: 
case__20: 
logic__1594: 
logic__844: 
logic__832: 
reg__84: 
logic__1233: 
case__120: 
logic__1017: 
logic__683: 
jump_logic: 
reg__233: 
reg__73: 
logic__1530: 
reg__221: 
reg__11: 
logic__1555: 
logic__1049: 
logic__1270: 
MMU: 
logic__909: 
logic__363: 
MB_MUXCY: 
logic__865: 
case__40: 
case__22: 
datapath__9: 
logic__1629: 
logic__633: 
logic__428: 
reg__187: 
logic__1202: 
logic__301: 
logic__1274: 
logic__688: 
logic__1149: 
logic__952: 
logic__1275: 
logic__956: 
datapath__11: 
logic__343: 
logic__1141: 
logic__1244: 
logic__825: 
MB_MUXF7: 
logic__553: 
logic__1657: 
reg__297: 
logic__733: 
logic__1680: 
logic__698: 
keep__18: 
logic__1682: 
logic__1177: 
logic__1750: 
logic__503: 
logic__1249: 
logic__448: 
reg__178: 
keep__23: 
logic__1710: 
logic__221: 
reg__83: 
keep__16: 
reg__14: 
reg__59: 
reg__1: 
reg__6: 
logic__935: 
logic__1508: 
logic__1514: 
logic__338: 
logic__1119: 
logic__6: 
reg__286: 
reg__141: 
logic__211: 
reg__263: 
logic__558: 
reg__67: 
case__152: 
reg__151: 
logic__608: 
reg__123: 
case__18: 
reg__237: 
logic__1302: 
reg__296: 
logic__1179: 
case__66: 
reg__28: 
reg__16: 
logic__822: 
logic__668: 
logic__583: 
logic__166: 
MB_LUT6__parameterized10: 
keep__35: 
logic__1271: 
MB_LUT6__parameterized4: 
Operand_Select_gti: 
logic__1110: 
logic__871: 
case__28: 
logic__1406: 
reg__22: 
logic__1666: 
case__70: 
case__78: 
instr_mux: 
logic__785: 
logic__1681: 
MB_LUT6__parameterized18: 
logic__901: 
case__64: 
logic__955: 
logic__96: 
logic__1089: 
case__90: 
logic__1527: 
logic__1231: 
logic__106: 
logic__1068: 
logic__1112: 
logic__348: 
logic__845: 
reg__181: 
keep__40: 
case__55: 
reg__5: 
logic__116: 
logic__1018: 
logic__51: 
reg__271: 
reg__274: 
reg__70: 
reg__88: 
case__81: 
logic__861: 
logic__276: 
logic__1206: 
case__77: 
reg__10: 
reg__156: 
case__140: 
logic__1192: 
logic__908: 
logic__843: 
logic__961: 
reg__25: 
reg__120: 
keep__45: 
reg__52: 
logic__981: 
logic__1334: 
reg__77: 
logic__930: 
case__46: 
datapath__13: 
counter: 
logic__826: 
case__33: 
logic__924: 
logic__1005: 
logic__1234: 
logic__1161: 
logic__1101: 
logic__811: 
logic__1423: 
MB_MUXCY_XORCY: 
logic__869: 
logic__1347: 
mb_sync_vec__parameterized1: 
case__16: 
logic__1371: 
logic__1734: 
logic__1083: 
reg__243: 
reg__46: 
dsrl: 
logic__1072: 
case__106: 
logic__1431: 
logic__1661: 
reg__97: 
reg__280: 
logic__836: 
logic__1026: 
logic__1560: 
reg__19: 
reg__164: 
logic__1286: 
keep__29: 
reg__252: 
logic__723: 
case__4: 
reg__195: 
logic__1219: 
logic__291: 
keep__7: 
logic__176: 
reg__91: 
logic__1170: 
logic__1535: 
logic__1158: 
case__36: 
logic__473: 
logic__1435: 
reg__236: 
logic__1204: 
MB_FDS: 
logic__1751: 
reg__104: 
case__5: 
logic__201: 
dsrl__1: 
logic__1523: 
reg__249: 
logic__815: 
Data_Flow_Logic: 
logic__1451: 
keep__54: 
reg__228: 
keep__25: 
logic__453: 
reg__109: 
muxpart__2: 
case__27: 
case__111: 
logic__388: 
case__91: 
logic__1567: 
logic__823: 
logic__1043: 
logic__1001: 
logic__1248: 
reg__54: 
logic__1097: 
logic__916: 
logic__1542: 
reg__102: 
reg__204: 
case__37: 
logic__1598: 
logic__1243: 
logic__378: 
case__108: 
logic__1517: 
keep__56: 
reg__197: 
logic__286: 
reg__116: 
case__126: 
logic__1513: 
logic__403: 
reg__15: 
keep__41: 
case__72: 
logic__1201: 
logic__438: 
case__52: 
logic__1240: 
mul_unit: 
logic__1115: 
logic__1325: 
case__107: 
logic__824: 
logic__1117: 
logic__1207: 
reg__189: 
logic__493: 
logic__884: 
logic__812: 
reg__232: 
logic__1343: 
reg__74: 
reg__71: 
case__13: 
logic__976: 
logic__774: 
case: 
case__131: 
logic__1564: 
logic__1327: 
keep__49: 
reg__12: 
muxpart__1: 
logic__820: 
logic__905: 
reg__57: 
reg__265: 
logic__918: 
logic__1708: 
case__21: 
case__38: 
logic__1583: 
logic__1695: 
logic__1012: 
logic__889: 
logic__1118: 
logic__923: 
WB_Mux_Bit: 
logic__1396: 
logic__1154: 
case__6: 
logic__1282: 
reg__13: 
case__103: 
logic__753: 
logic__1500: 
logic__1094: 
logic__1376: 
MB_LUT6__parameterized8: 
case__96: 
Fpu: 
logic__872: 
MB_SRL16E: 
reg__248: 
reg__275: 
keep__11: 
case__59: 
reg__159: 
logic__306: 
case__65: 
logic__1701: 
mb_sync_bit__parameterized2: 
logic__1660: 
reg__78: 
MB_LUT6__parameterized12: 
reg__211: 
reg__234: 
logic__1107: 
logic__1499: 
reg__172: 
logic__787: 
reg__231: 
keep__20: 
keep__32: 
reg__176: 
logic__663: 
logic__1006: 
interrupt_mode_converter: 
logic__1065: 
reg__139: 
logic__1321: 
logic__1676: 
logic__1715: 
logic__813: 
case__146: 
logic__1237: 
case__142: 
reg__76: 
keep__13: 
PVR: 
case__63: 
design_1_microblaze_0_0: 
logic__86: 
logic__875: 
reg__7: 
reg__160: 
datapath__4: 
reg__223: 
case__123: 
reg__136: 
logic__827: 
reg__169: 
case__80: 
case__135: 
MicroBlaze_Core: 
logic__864: 
reg__192: 
case__86: 
ALU_Bit__parameterized2: 
reg__217: 
MB_LUT6__parameterized16: 
case__151: 
reg__269: 
logic__1157: 
logic__673: 
case__49: 
logic__1706: 
case__8: 
keep__52: 
reg__208: 
logic__1293: 
logic__418: 
reg__103: 
logic__949: 
logic__151: 
case__23: 
logic__408: 
logic__1709: 
logic__643: 
logic__767: 
logic__518: 
reg__155: 
reg__253: 
case__82: 
MB_SRL16E__parameterized5: 
logic__11: 
reg__43: 
logic__423: 
logic__828: 
keep__24: 
logic__1526: 
muxpart__5: 
logic__1256: 
case__51: 
reg__261: 
logic__1699: 
address_hit: 
reg__305: 
logic__236: 
datapath__12: 
logic__988: 
logic__877: 
Decode_gti: 
case__144: 
reg__26: 
reg__21: 
reg__173: 
case__93: 
reg__41: 
logic__543: 
reg__124: 
logic__251: 
reg__229: 
logic__1296: 
logic__1656: 
Zero_Detect_gti: 
logic__1162: 
reg__24: 
case__54: 
logic__1167: 
case__109: 
logic__1289: 
keep__5: 
reg__99: 
logic__678: 
logic__1622: 
logic__1113: 
reg__216: 
logic__463: 
logic__1748: 
logic__1259: 
reg__30: 
logic__1176: 
reg__182: 
logic__216: 
logic__876: 
reg__163: 
logic__765: 
reg__266: 
case__2: 
case__14: 
case__3: 
MB_SRLC16E: 
logic__1309: 
MB_SRL16E__parameterized1: 
reg__239: 
case__149: 
logic__1279: 
logic__1297: 
logic__693: 
reg__55: 
reg__143: 
logic__816: 
exception_registers_gti: 
logic__1125: 
logic__618: 
reg__168: 
reg__110: 
logic__1175: 
logic__1086: 
logic__1251: 
logic__1652: 
logic__1128: 
case__113: 
logic__513: 
Debug: 
reg__129: 
case__56: 
logic__1054: 
logic__1236: 
logic__1038: 
reg__68: 
logic__46: 
reg__290: 
logic__76: 
reg__291: 
case__7: 
case__98: 
logic__941: 
logic__1408: 
logic__1442: 
case__15: 
logic__1738: 
reg__177: 
keep__1: 
logic__613: 
logic__1335: 
logic__56: 
reg__147: 
case__73: 
logic__1711: 
logic__1333: 
reg__225: 
logic__1320: 
logic__523: 
case__95: 
logic__1267: 
reg__114: 
logic__1258: 
logic__1562: 
logic__728: 
logic__1127: 
case__94: 
MB_SRL16E__parameterized3: 
logic__1075: 
logic__795: 
logic__1135: 
reg__153: 
logic__31: 
logic__321: 
logic__1634: 
reg__90: 
keep__33: 
reg__72: 
case__41: 
logic__1028: 
logic__1209: 
logic__1483: 
logic__66: 
reg__272: 
logic__743: 
logic__1637: 
case__137: 
reg__96: 
reg__108: 
WB_Mux: 
logic__181: 
logic__1623: 
logic__1060: 
reg__130: 
logic__969: 
logic__323: 
reg__279: 
reg__145: 
datapath__8: 
reg__244: 
case__148: 
logic__508: 
reg__32: 
reg__238: 
logic__772: 
logic__738: 
logic__1245: 
reg__254: 
reg__287: 
reg__185: 
logic__1531: 
logic__1705: 
logic__1550: 
logic__1015: 
mb_sync_bit: 
logic__393: 
logic__1698: 
case__62: 
reg__150: 
logic__563: 
muxpart__4: 
logic__1292: 
case__121: 
reg__63: 
reg__135: 
datapath__3: 
logic__890: 
logic__156: 
keep__6: 
reg__184: 
logic__1336: 
reg__29: 
case__19: 
keep__15: 
logic__1664: 
reg__167: 
reg__82: 
logic__912: 
logic__1283: 
case__67: 
reg__62: 
reg__246: 
logic__1062: 
keep__12: 
keep__10: 
logic__1669: 
reg__8: 
reg__128: 
logic__191: 
reg__106: 
reg__117: 
logic__773: 
logic__713: 
logic__1254: 
reg__4: 
logic__413: 
logic__1726: 
logic__849: 
case__83: 
logic__982: 
logic__488: 
reg__126: 
keep__27: 
logic__1277: 
reg__214: 
logic__121: 
msr_reg_gti: 
logic__887: 
logic__1205: 
reg__306: 
case__125: 
reg__207: 
reg__162: 
case__119: 
logic__1263: 
case__17: 
ALU_Bit: 
reg__303: 
logic__1210: 
case__39: 
logic__333: 
logic__1111: 
logic__483: 
logic__1257: 
logic__1507: 
logic__703: 
reg__230: 
reg__56: 
reg__245: 
logic__538: 
case__124: 
reg__241: 
reg__193: 
logic__246: 
logic__603: 
reg__307: 
case__35: 
logic__1504: 
reg__95: 
logic__458: 
reg__40: 
logic__206: 
reg__157: 
logic__1212: 
logic__1027: 
keep__55: 
case__105: 
logic__762: 
logic__784: 
reg__100: 
case__118: 
logic__1315: 
logic__818: 
logic__1090: 
case__110: 
logic__1372: 
logic__1485: 
case__1: 
logic__1016: 
logic__316: 
case__102: 
logic__1720: 
logic__1250: 
logic__1410: 
reg__89: 
logic__1228: 
case__60: 
case__57: 
case__112: 
logic__131: 
reg__132: 
case__128: 
reg__301: 
reg__36: 
logic__1314: 
logic__978: 
logic__1536: 
reg__38: 
logic__1071: 
logic__1022: 
logic__1126: 
reg__79: 
logic__241: 
case__47: 
reg__152: 
logic__1563: 
logic__1264: 
reg__288: 
logic__126: 
case__48: 
logic__1032: 
logic__1242: 
logic__1266: 
case__97: 
logic__866: 
reg__308: 
logic__1384: 
keep__36: 
logic__1510: 
reg__262: 
MB_LUT6__parameterized2: 
logic__850: 
case__71: 
logic__1121: 
reg__284: 
logic__1093: 
logic__945: 
Data_Flow_gti: 
reg__161: 
keep__8: 
MB_RAM32M: 
logic__91: 
logic__1509: 
logic__805: 
logic__1029: 
reg__105: 
reg__27: 
reg__9: 
logic__1100: 
reg__115: 
MicroBlaze: 
MB_LUT6: 
logic__1571: 
reg__285: 
reg__58: 
logic__1211: 
muxpart: 
logic__368: 
MB_FDRE: 
logic__966: 
logic__786: 
logic__1725: 
mux_bus: 
reg__292: 
logic__81: 
logic__831: 
keep__57: 
reg__191: 
logic__1064: 
reg__31: 
logic__1217: 
logic__1612: 
reg__298: 
Register_File_gti: 
reg__35: 
case__139: 
MB_LUT6_2__parameterized3: 
logic__1131: 
logic__1704: 
reg__125: 
MB_LUT6_2__parameterized1: 
reg__113: 
reg__18: 
logic__819: 
case__61: 
reg__218: 
keep__48: 
reg__39: 
MB_LUT6__parameterized14: 
logic__296: 
reg__199: 
logic__1328: 
logic__1534: 
logic__1294: 
logic__61: 
logic__1672: 
keep__53: 
reg__281: 
case__12: 
logic__1675: 
logic__578: 
logic__839: 
logic__992: 
