11:10:05 **** Auto Build of configuration Debug for project parallel_IO ****
make all 
'Building file: ../src/helloworld.c'
'Invoking: MicroBlaze gcc compiler'
mb-gcc -Wall -O0 -g3 -c -fmessage-length=0 -MT"src/helloworld.o" -I../../parallel_IO_bsp/microblaze_0/include -mlittle-endian -mcpu=v10.0 -mxl-soft-mul -Wl,--no-relax -ffunction-sections -fdata-sections -MMD -MP -MF"src/helloworld.d" -MT"src/helloworld.o" -o "src/helloworld.o" "../src/helloworld.c"
'Finished building: ../src/helloworld.c'
' '
'Building target: parallel_IO.elf'
'Invoking: MicroBlaze gcc linker'
mb-gcc -Wl,-T -Wl,../src/lscript.ld -L../../parallel_IO_bsp/microblaze_0/lib -mlittle-endian -mcpu=v10.0 -mxl-soft-mul -Wl,--no-relax -Wl,--gc-sections -o "parallel_IO.elf"  ./src/helloworld.o ./src/platform.o   -Wl,--start-group,-lxil,-lgcc,-lc,--end-group
'Finished building target: parallel_IO.elf'
' '
'Invoking: MicroBlaze Print Size'
mb-size parallel_IO.elf  |tee "parallel_IO.elf.size"
   text	   data	    bss	    dec	    hex	filename
   6536	    320	   3104	   9960	   26e8	parallel_IO.elf
'Finished building: parallel_IO.elf.size'
' '

11:10:05 Build Finished (took 671ms)

